[sites.google.com/view/superprinciple.html]
[backblue.gif]
[fade.gif]
[index.html]
[ssl.gstatic.com/atari/images/simple-header-blended-small.png]
[apis.google.com/js/clientc932.js]
[sites.google.com/view/superprinciple/main.html]
[sites.google.com/view/superprinciple.html]
[sites.google.com/view/superprinciple/strike-sortie.html]
[sites.google.com/view/superprinciple/POST.7.delayed]
[sites.google.com/view/superprinciple/main.html]
[sites.google.com/view/superprinciple/_https_/soundcloud.com/mykola-poroshyn_.8.delayed]
[sites.google.com/view/superprinciple/_https_/w.soundcloud.com/player/index0dee.html]
[sites.google.com/view/superprinciple/_https_/soundcloud.com/mykola-poroshyn/final-assault_.9.delayed]
[sites.google.com/view/superprinciple/_https_/w.soundcloud.com/player/index6b87.html]
[sites.google.com/view/superprinciple/_https_/w.soundcloud.com/player/indexcd59.html]
[sites.google.com/view/superprinciple/_https_/soundcloud.com/mykola-poroshyn/silent-horizon_.b.delayed]
[sites.google.com/view/superprinciple/_https_/soundcloud.com/mykola-poroshyn/harmony-of-the-sands_.c.delayed]
[sites.google.com/view/superprinciple/strike-sortie.html]
[sites.google.com/view/superprinciple/POST.html]
[sites.google.com/view/superprinciple/_https_/w.soundcloud.com/player/index0dee.html]
[sites.google.com/view/superprinciple/_https_/soundcloud.com/mykola-poroshyn_.html]
[sites.google.com/view/superprinciple/_https_/soundcloud.com/mykola-poroshyn/final-assault_.html]
[sites.google.com/view/superprinciple/_https_/w.soundcloud.com/player/index6b87.html]
[sites.google.com/view/superprinciple/_https_/w.soundcloud.com/player/indexcd59.html]
[sites.google.com/view/superprinciple/_https_/soundcloud.com/mykola-poroshyn/silent-horizon_.html]
[sites.google.com/view/superprinciple/_https_/w.soundcloud.com/player/index6fec.html]
[sites.google.com/view/superprinciple/_https_/w.soundcloud.com/player/index6fec.html]
[sites.google.com/view/superprinciple/_https_/soundcloud.com/mykola-poroshyn/harmony-of-the-sands_.html]
[sites.google.com/view/superprinciple/_https_/soundcloud.com/mykola-poroshyn/steel-and-valor_]
[sites.google.com/view/superprinciple/_https_/soundcloud.com/mykola-poroshyn/steel-and-valor_]
